// Jest Snapshot v1, https://goo.gl/fbAQLP

exports[`Home should match the snapshot 1`] = `
<div>
  <div
    class="sc-jlZhew cYsoQy"
  >
    <style
      data-testid="loading-spin-style"
    >
      
                @keyframes spin {
                    0% {
                        transform: rotate(0deg);
                    }
                    100% {
                        transform: rotate(720deg);
                    }
                }
              
    </style>
    <div
      data-testid="loading-spin"
      style="display: inline-block; border-style: solid; border-radius: 50%; animation-iteration-count: infinite; animation-name: spin; height: 60px; width: 60px; border-width: 6px; animation-timing-function: ease-in-out; animation-direction: normal; animation-duration: 2s; border-color: #cccccc; border-left-color: #1ecd96; border-top-color: #1ecd96;"
    />
  </div>
</div>
`;
