// Jest Snapshot v1, https://goo.gl/fbAQLP

exports[`DetailListComponent should match the snapshot 1`] = `
<div>
  <div>
    <div
      class="sc-aXZVg enkuQI"
    >
      <p>
        <strong>
          Species
          : 
        </strong>
         
        Human
      </p>
      <p>
        <strong>
          Status
          : 
        </strong>
         
        Alive
      </p>
      <p>
        <strong>
          Gender
          : 
        </strong>
         
        Male
      </p>
    </div>
  </div>
</div>
`;
