// Jest Snapshot v1, https://goo.gl/fbAQLP

exports[`Filter should match the snapshot 1`] = `
<div>
  <div
    class="sc-eqUAAy eHNHHl"
    data-testid="filter"
  >
    <input
      class="sc-gEvEer bANnIj"
      placeholder="type a name..."
      type="text"
      value="Rick"
    />
    <div>
      <label
        for="react-select-2-input"
      >
        Select a gender:
      </label>
      <div
        class="sc-aXZVg bEtCNO css-b62m3t-container"
      >
        <span
          class="css-1f43avz-a11yText-A11yText"
          id="react-select-8-live-region"
        />
        <span
          aria-atomic="false"
          aria-live="polite"
          aria-relevant="additions text"
          class="css-1f43avz-a11yText-A11yText"
        />
        <div
          class="react-select__control css-13cymwt-control"
        >
          <div
            class="react-select__value-container react-select__value-container--has-value css-1fdsijx-ValueContainer"
          >
            <div
              class="react-select__single-value css-1dimb5e-singleValue"
            />
            <div
              class="react-select__input-container css-qbdosj-Input"
              data-value=""
            >
              <input
                aria-autocomplete="list"
                aria-expanded="false"
                aria-haspopup="true"
                aria-label="Select a gender:"
                autocapitalize="none"
                autocomplete="off"
                autocorrect="off"
                class="react-select__input"
                id="react-select-8-input"
                role="combobox"
                spellcheck="false"
                style="opacity: 1; width: 100%; grid-area: 1 / 2; min-width: 2px; border: 0px; margin: 0px; outline: 0; padding: 0px;"
                tabindex="0"
                type="text"
                value=""
              />
            </div>
          </div>
          <div
            class="react-select__indicators css-1hb7zxy-IndicatorsContainer"
          >
            <div
              aria-hidden="true"
              class="react-select__indicator react-select__clear-indicator css-1xc3v61-indicatorContainer"
            >
              <svg
                aria-hidden="true"
                class="css-tj5bde-Svg"
                focusable="false"
                height="20"
                viewBox="0 0 20 20"
                width="20"
              >
                <path
                  d="M14.348 14.849c-0.469 0.469-1.229 0.469-1.697 0l-2.651-3.030-2.651 3.029c-0.469 0.469-1.229 0.469-1.697 0-0.469-0.469-0.469-1.229 0-1.697l2.758-3.15-2.759-3.152c-0.469-0.469-0.469-1.228 0-1.697s1.228-0.469 1.697 0l2.652 3.031 2.651-3.031c0.469-0.469 1.228-0.469 1.697 0s0.469 1.229 0 1.697l-2.758 3.152 2.758 3.15c0.469 0.469 0.469 1.229 0 1.698z"
                />
              </svg>
            </div>
            <span
              class="react-select__indicator-separator css-1u9des2-indicatorSeparator"
            />
            <div
              aria-hidden="true"
              class="react-select__indicator react-select__dropdown-indicator css-1xc3v61-indicatorContainer"
            >
              <svg
                aria-hidden="true"
                class="css-tj5bde-Svg"
                focusable="false"
                height="20"
                viewBox="0 0 20 20"
                width="20"
              >
                <path
                  d="M4.516 7.548c0.436-0.446 1.043-0.481 1.576 0l3.908 3.747 3.908-3.747c0.533-0.481 1.141-0.446 1.574 0 0.436 0.445 0.408 1.197 0 1.615-0.406 0.418-4.695 4.502-4.695 4.502-0.217 0.223-0.502 0.335-0.787 0.335s-0.57-0.112-0.789-0.335c0 0-4.287-4.084-4.695-4.502s-0.436-1.17 0-1.615z"
                />
              </svg>
            </div>
          </div>
        </div>
      </div>
    </div>
    <div>
      <label
        for="react-select-2-input"
      >
        Select a status:
      </label>
      <div
        class="sc-aXZVg bEtCNO css-b62m3t-container"
      >
        <span
          class="css-1f43avz-a11yText-A11yText"
          id="react-select-9-live-region"
        />
        <span
          aria-atomic="false"
          aria-live="polite"
          aria-relevant="additions text"
          class="css-1f43avz-a11yText-A11yText"
        />
        <div
          class="react-select__control css-13cymwt-control"
        >
          <div
            class="react-select__value-container react-select__value-container--has-value css-1fdsijx-ValueContainer"
          >
            <div
              class="react-select__single-value css-1dimb5e-singleValue"
            />
            <div
              class="react-select__input-container css-qbdosj-Input"
              data-value=""
            >
              <input
                aria-autocomplete="list"
                aria-expanded="false"
                aria-haspopup="true"
                aria-label="Select a status:"
                autocapitalize="none"
                autocomplete="off"
                autocorrect="off"
                class="react-select__input"
                id="react-select-9-input"
                role="combobox"
                spellcheck="false"
                style="opacity: 1; width: 100%; grid-area: 1 / 2; min-width: 2px; border: 0px; margin: 0px; outline: 0; padding: 0px;"
                tabindex="0"
                type="text"
                value=""
              />
            </div>
          </div>
          <div
            class="react-select__indicators css-1hb7zxy-IndicatorsContainer"
          >
            <div
              aria-hidden="true"
              class="react-select__indicator react-select__clear-indicator css-1xc3v61-indicatorContainer"
            >
              <svg
                aria-hidden="true"
                class="css-tj5bde-Svg"
                focusable="false"
                height="20"
                viewBox="0 0 20 20"
                width="20"
              >
                <path
                  d="M14.348 14.849c-0.469 0.469-1.229 0.469-1.697 0l-2.651-3.030-2.651 3.029c-0.469 0.469-1.229 0.469-1.697 0-0.469-0.469-0.469-1.229 0-1.697l2.758-3.15-2.759-3.152c-0.469-0.469-0.469-1.228 0-1.697s1.228-0.469 1.697 0l2.652 3.031 2.651-3.031c0.469-0.469 1.228-0.469 1.697 0s0.469 1.229 0 1.697l-2.758 3.152 2.758 3.15c0.469 0.469 0.469 1.229 0 1.698z"
                />
              </svg>
            </div>
            <span
              class="react-select__indicator-separator css-1u9des2-indicatorSeparator"
            />
            <div
              aria-hidden="true"
              class="react-select__indicator react-select__dropdown-indicator css-1xc3v61-indicatorContainer"
            >
              <svg
                aria-hidden="true"
                class="css-tj5bde-Svg"
                focusable="false"
                height="20"
                viewBox="0 0 20 20"
                width="20"
              >
                <path
                  d="M4.516 7.548c0.436-0.446 1.043-0.481 1.576 0l3.908 3.747 3.908-3.747c0.533-0.481 1.141-0.446 1.574 0 0.436 0.445 0.408 1.197 0 1.615-0.406 0.418-4.695 4.502-4.695 4.502-0.217 0.223-0.502 0.335-0.787 0.335s-0.57-0.112-0.789-0.335c0 0-4.287-4.084-4.695-4.502s-0.436-1.17 0-1.615z"
                />
              </svg>
            </div>
          </div>
        </div>
      </div>
    </div>
  </div>
</div>
`;
