// Jest Snapshot v1, https://goo.gl/fbAQLP

exports[`should match the snapshot 1`] = `
<div>
  <input
    class="sc-aXZVg leNNSl"
    placeholder="Type a name..."
    type="text"
    value=""
  />
</div>
`;
