// Jest Snapshot v1, https://goo.gl/fbAQLP

exports[`Input should match the snapshot 1`] = `
<div>
  <input
    class="sc-aXZVg iVjMKk"
    placeholder="Search for a country"
    type="text"
    value=""
  />
</div>
`;
